// Jest Snapshot v1, https://goo.gl/fbAQLP

exports[`Testa renders snapshots, too 1`] = `ShallowWrapper {}`;
